
> golf-app-junior@0.1.0 build
> next build --webpack

▲ Next.js 16.1.6 (webpack)
- Environments: .env.production.local, .env.local

  Creating an optimized production build ...
✓ Compiled successfully in 7.0s
  Running TypeScript ...
  Collecting page data using 13 workers ...
  Generating static pages using 13 workers (0/203) ...
  Generating static pages using 13 workers (50/203)
  Generating static pages using 13 workers (101/203)
  Generating static pages using 13 workers (152/203)
✓ Generating static pages using 13 workers (203/203) in 349.1ms
  Finalizing page optimization ...
  Collecting build traces ...

Route (app)
┌ ƒ /
├ ○ /_not-found
├ ○ /admin
├ ○ /admin/etiquette
├ ƒ /admin/etiquette/cards/[cardVersionId]
├ ○ /admin/legal
├ ○ /admin/news
├ ○ /admin/notifications
├ ○ /admin/organizations
├ ƒ /admin/organizations/[organizationId]
├ ƒ /admin/organizations/[organizationId]/groups
├ ƒ /admin/organizations/[organizationId]/settings
├ ○ /admin/organizations/external
├ ○ /admin/rules
├ ƒ /admin/rules/cards/[cardVersionId]
├ ○ /admin/settings/contact
├ ○ /admin/translations
├ ○ /admin/users
├ ○ /admin/validations
├ ƒ /api/admin/clubs/[clubId]/add-existing-member
├ ƒ /api/admin/clubs/[clubId]/add-existing-member-preview
├ ƒ /api/admin/clubs/[clubId]/create-member
├ ƒ /api/admin/contact-settings
├ ƒ /api/admin/create-user
├ ƒ /api/admin/etiquette
├ ƒ /api/admin/etiquette/cards/[cardVersionId]
├ ƒ /api/admin/legal
├ ƒ /api/admin/legal/conflicts
├ ƒ /api/admin/legal/decisions
├ ƒ /api/admin/legal/representatives
├ ƒ /api/admin/legal/requests
├ ƒ /api/admin/legal/translate
├ ƒ /api/admin/news
├ ƒ /api/admin/news/[newsId]
├ ƒ /api/admin/news/image
├ ƒ /api/admin/news/translate
├ ƒ /api/admin/organizations
├ ƒ /api/admin/organizations/[organizationId]/group-assignments
├ ƒ /api/admin/organizations/[organizationId]/members
├ ƒ /api/admin/organizations/[organizationId]/partners
├ ƒ /api/admin/organizations/[organizationId]/settings
├ ƒ /api/admin/organizations/external
├ ƒ /api/admin/rules
├ ƒ /api/admin/rules/cards/[cardVersionId]
├ ƒ /api/admin/translations
├ ƒ /api/admin/users/list
├ ƒ /api/admin/users/update
├ ƒ /api/admin/validations
├ ƒ /api/admin/validations/exercises/[exerciseId]
├ ƒ /api/admin/validations/exercises/[exerciseId]/image
├ ƒ /api/auth
├ ƒ /api/auth/invitation-reset
├ ƒ /api/auth/me
├ ƒ /api/auth/recover-access
├ ƒ /api/auth/recover-username-contact
├ ƒ /api/auth/redirect
├ ƒ /api/auth/resolve-login
├ ƒ /api/auth/update-email
├ ƒ /api/coach/ai/improve-comment
├ ƒ /api/coach/camps
├ ƒ /api/coach/camps/[campId]/registrations
├ ƒ /api/coach/events/[eventId]
├ ƒ /api/coach/events/[eventId]/debrief
├ ƒ /api/coach/events/[eventId]/debrief/analyze
├ ƒ /api/coach/events/[eventId]/debrief/analyze-player
├ ƒ /api/coach/events/[eventId]/debrief/notes
├ ƒ /api/coach/events/[eventId]/debrief/player
├ ƒ /api/coach/events/[eventId]/players/[playerId]
├ ƒ /api/coach/events/[eventId]/preparation-insights
├ ƒ /api/coach/events/[eventId]/preparation-seen
├ ƒ /api/coach/events/calendar
├ ƒ /api/coach/events/series/[seriesId]
├ ƒ /api/coach/groups/[groupId]
├ ƒ /api/coach/groups/[groupId]/planning
├ ƒ /api/coach/groups/[groupId]/players/[linkId]
├ ƒ /api/coach/home
├ ƒ /api/coach/my-clubs
├ ƒ /api/coach/news
├ ƒ /api/coach/players/[playerId]/access
├ ƒ /api/coach/players/[playerId]/documents
├ ƒ /api/coach/players/[playerId]/documents/[documentId]
├ ƒ /api/coach/players/[playerId]/feedback
├ ƒ /api/coach/players/[playerId]/organizations
├ ƒ /api/coach/players/[playerId]/planning
├ ƒ /api/coach/players/[playerId]/private-notes
├ ƒ /api/coach/players/[playerId]/team-thread
├ ƒ /api/coach/players/[playerId]/training-volume-level
├ ƒ /api/coach/players/[playerId]/training-volume-summary
├ ƒ /api/coach/players/[playerId]/training-volume-weekly-targets
├ ƒ /api/coach/players/[playerId]/transfer-group
├ ƒ /api/coach/players/[playerId]/validations
├ ƒ /api/coach/validations
├ ƒ /api/contact
├ ƒ /api/cron/competition-reminders
├ ƒ /api/cron/periodic-reports
├ ƒ /api/cron/player-document-cleanup
├ ƒ /api/dev/impersonate/sign-in
├ ƒ /api/dev/impersonate/users
├ ƒ /api/etiquette/overview
├ ƒ /api/golfcourse/course/[courseId]
├ ƒ /api/golfcourse/search
├ ƒ /api/i18n/messages
├ ƒ /api/legal/children
├ ƒ /api/legal/data-request
├ ƒ /api/legal/decide
├ ƒ /api/legal/documents
├ ƒ /api/legal/history
├ ƒ /api/legal/parent-confirmation
├ ƒ /api/legal/present
├ ƒ /api/legal/status
├ ƒ /api/manager/camps
├ ƒ /api/manager/camps/[campId]
├ ƒ /api/manager/camps/image
├ ƒ /api/manager/clubs/[clubId]/access-invitations
├ ƒ /api/manager/clubs/[clubId]/evaluation-criteria
├ ƒ /api/manager/clubs/[clubId]/evaluation-criteria/[criterionId]
├ ƒ /api/manager/clubs/[clubId]/guardians
├ ƒ /api/manager/clubs/[clubId]/members
├ ƒ /api/manager/clubs/[clubId]/parents
├ ƒ /api/manager/clubs/[clubId]/parents/password
├ ƒ /api/manager/clubs/[clubId]/performance/coaches
├ ƒ /api/manager/clubs/[clubId]/performance/juniors
├ ƒ /api/manager/clubs/[clubId]/player-fields
├ ƒ /api/manager/clubs/[clubId]/player-fields/[fieldId]
├ ƒ /api/manager/clubs/[clubId]/players/[playerId]/consent
├ ƒ /api/manager/clubs/[clubId]/players/[playerId]/handicap-history
├ ƒ /api/manager/clubs/[clubId]/players/[playerId]/periodic-report
├ ƒ /api/manager/clubs/[clubId]/players/[playerId]/statistics
├ ƒ /api/manager/clubs/[clubId]/seasons
├ ƒ /api/manager/clubs/[clubId]/seasons/[seasonId]/coach-records
├ ƒ /api/manager/clubs/[clubId]/seasons/[seasonId]/records
├ ƒ /api/manager/clubs/[clubId]/training-volume
├ ƒ /api/manager/dashboard/home
├ ƒ /api/manager/dashboard/org-counters
├ ƒ /api/manager/events/[eventId]
├ ƒ /api/manager/events/calendar
├ ƒ /api/manager/events/coaches/bulk
├ ƒ /api/manager/events/create
├ ƒ /api/manager/events/series/[seriesId]
├ ƒ /api/manager/events/upcoming
├ ƒ /api/manager/groups/[groupId]/categories/[categoryId]
├ ƒ /api/manager/my-clubs
├ ƒ /api/manager/news
├ ƒ /api/manager/news/[newsId]
├ ƒ /api/manager/news/image
├ ƒ /api/manager/organizations/[organizationId]/discovery
├ ƒ /api/manager/organizations/[organizationId]/external
├ ƒ /api/manager/organizations/[organizationId]/roster
├ ƒ /api/manager/players/directory
├ ƒ /api/messages/catalog
├ ƒ /api/messages/event-badges
├ ƒ /api/messages/event-thread
├ ƒ /api/messages/player-direct-thread
├ ƒ /api/messages/supervision
├ ƒ /api/messages/thread-badges
├ ƒ /api/messages/threads
├ ƒ /api/messages/threads/[threadId]/archive
├ ƒ /api/messages/threads/[threadId]/messages
├ ƒ /api/messages/threads/[threadId]/messages/[messageId]
├ ƒ /api/messages/threads/[threadId]/participants
├ ƒ /api/messages/threads/[threadId]/read
├ ƒ /api/parent/children
├ ƒ /api/parent/report-deliveries/[deliveryId]
├ ƒ /api/parent/reports/[reportId]
├ ƒ /api/player/camps
├ ƒ /api/player/camps/[campId]/options
├ ƒ /api/player/camps/[campId]/register
├ ƒ /api/player/camps/days/[eventId]/attendance
├ ƒ /api/player/clubs/[clubId]/training-volume
├ ƒ /api/player/competitions/[eventId]
├ ƒ /api/player/consent
├ ƒ /api/player/context
├ ƒ /api/player/documents
├ ƒ /api/player/event-attendees
├ ƒ /api/player/group-names
├ ƒ /api/player/handicap-history
├ ƒ /api/player/handicap-history/[entryId]
├ ƒ /api/player/home-play-volume
├ ƒ /api/player/home-upcoming
├ ƒ /api/player/marketplace
├ ƒ /api/player/marketplace/[itemId]
├ ƒ /api/player/marketplace/[itemId]/images
├ ƒ /api/player/marketplace/context
├ ƒ /api/player/marketplace/mine
├ ƒ /api/player/news
├ ƒ /api/player/personal-camps
├ ƒ /api/player/personal-camps/[campId]
├ ƒ /api/player/team-thread
├ ƒ /api/player/training-event
├ ƒ /api/player/trainings
├ ƒ /api/player/validations
├ ƒ /api/player/validations/attempts
├ ƒ /api/player/validations/attempts/[attemptId]
├ ƒ /api/profile/avatar
├ ƒ /api/profile/custom-fields
├ ƒ /api/push/dispatch
├ ƒ /api/push/subscriptions
├ ƒ /api/rules/overview
├ ○ /auth-test
├ ○ /clubs
├ ƒ /clubs/members
├ ○ /coach
├ ○ /coach/calendar
├ ○ /coach/camps
├ ○ /coach/etiquette
├ ○ /coach/groups
├ ƒ /coach/groups/[id]
├ ƒ /coach/groups/[id]/planning
├ ƒ /coach/groups/[id]/planning/[eventId]
├ ƒ /coach/groups/[id]/planning/[eventId]/debrief
├ ƒ /coach/groups/[id]/planning/[eventId]/edit
├ ƒ /coach/groups/[id]/planning/[eventId]/players
├ ƒ /coach/groups/[id]/planning/[eventId]/players/[playerId]
├ ƒ /coach/groups/[id]/planning/[eventId]/players/[playerId]/edit
├ ƒ /coach/groups/[id]/planning/[eventId]/players/[playerId]/structure
├ ƒ /coach/groups/[id]/planning/add
├ ○ /coach/groups/new
├ ○ /coach/messages
├ ○ /coach/news
├ ○ /coach/notifications
├ ○ /coach/notifications/settings
├ ○ /coach/om
├ ○ /coach/players
├ ƒ /coach/players/[playerId]
├ ○ /coach/profile
├ ○ /coach/rules
├ ○ /coach/validations
├ ƒ /contact
├ ○ /design-system
├ ○ /dev/impersonate
├ ○ /dev/impersonate/complete
├ ƒ /legal
├ ƒ /legal/[kind]
├ ○ /legal/my
├ ○ /legal/request
├ ƒ /login
├ ○ /manager
├ ○ /manager/access
├ ○ /manager/ai-assistance
├ ○ /manager/calendar
├ ○ /manager/camps
├ ƒ /manager/camps/[campId]
├ ○ /manager/camps/new
├ ○ /manager/etiquette
├ ○ /manager/evaluation-criteria
├ ○ /manager/events/new
├ ○ /manager/groups
├ ƒ /manager/groups/[id]
├ ƒ /manager/groups/[id]/planning
├ ƒ /manager/groups/[id]/planning/[eventId]
├ ƒ /manager/groups/[id]/planning/[eventId]/edit
├ ƒ /manager/groups/[id]/planning/[eventId]/players
├ ƒ /manager/groups/[id]/planning/[eventId]/players/[playerId]
├ ƒ /manager/groups/[id]/planning/[eventId]/players/[playerId]/edit
├ ƒ /manager/groups/[id]/planning/add
├ ○ /manager/groups/new
├ ○ /manager/messages
├ ○ /manager/news
├ ○ /manager/notifications
├ ○ /manager/notifications/settings
├ ○ /manager/om
├ ○ /manager/om/contests
├ ƒ /manager/om/contests/[contestId]
├ ○ /manager/om/tournaments
├ ○ /manager/organizations
├ ƒ /manager/organizations/[organizationId]/collecte-infos
├ ƒ /manager/organizations/[organizationId]/groups
├ ƒ /manager/organizations/[organizationId]/groups/new
├ ○ /manager/partners
├ ○ /manager/performance/coaches
├ ○ /manager/performance/juniors
├ ○ /manager/players
├ ƒ /manager/players/[playerId]
├ ○ /manager/profile
├ ○ /manager/rules
├ ○ /manager/training-volume
├ ○ /manager/user-management
├ ○ /manager/user-management/coaches
├ ƒ /manager/user-management/coaches/[memberId]
├ ○ /manager/user-management/coaches/new
├ ○ /manager/user-management/custom-fields
├ ○ /manager/user-management/email-configuration
├ ○ /manager/user-management/managers
├ ƒ /manager/user-management/managers/[memberId]
├ ○ /manager/user-management/managers/new
├ ○ /manager/user-management/parents
├ ○ /manager/user-management/players
├ ƒ /manager/user-management/players/[memberId]
├ ○ /manager/user-management/players/import
├ ○ /manager/user-management/players/new
├ ○ /manager/user-management/seasons
├ ○ /manager/users
├ ○ /manifest.webmanifest
├ ○ /no-access
├ ○ /parent
├ ○ /parent/messages
├ ƒ /parent/report-deliveries/[deliveryId]
├ ƒ /parent/reports/[reportId]
├ ○ /parents/collecte-infos
├ ○ /player
├ ○ /player/camps
├ ○ /player/consent-required
├ ○ /player/encadrement
├ ○ /player/etiquette
├ ○ /player/golf
├ ○ /player/golf/camps/new
├ ƒ /player/golf/competitions/[eventId]
├ ○ /player/golf/rounds
├ ƒ /player/golf/rounds/[roundId]/edit
├ ƒ /player/golf/rounds/[roundId]/scorecard
├ ○ /player/golf/rounds/new
├ ○ /player/golf/trainings
├ ƒ /player/golf/trainings/[sessionId]
├ ƒ /player/golf/trainings/[sessionId]/edit
├ ƒ /player/golf/trainings/new
├ ○ /player/golf/trainings/to-complete
├ ○ /player/help
├ ○ /player/marketplace
├ ƒ /player/marketplace/[itemId]
├ ƒ /player/marketplace/edit/[itemId]
├ ○ /player/marketplace/mine
├ ○ /player/marketplace/new
├ ○ /player/messages
├ ○ /player/news
├ ○ /player/notifications
├ ○ /player/notifications/settings
├ ○ /player/om
├ ○ /player/profile
├ ○ /player/rules
├ ○ /player/rules/quiz
├ ○ /player/validations
└ ○ /reset-password


ƒ Proxy (Middleware)

○  (Static)   prerendered as static content
ƒ  (Dynamic)  server-rendered on demand
