
> golf-app-junior@0.1.0 test:coach-security
> node --experimental-strip-types --test tests/coach-security.test.ts tests/coach-security-sql.test.mjs

▶ Coach SQL security against a real isolated PostgreSQL engine
  ✔ player and parent can read shared feedback but never private_note or SELECT * (6.594834ms)
  ✔ invisible feedback and revoked guardian permission remain hidden (1.947708ms)
  ✔ revoked coach cannot read the event or shared feedback through historical assignments (2.36275ms)
  ✔ same-club membership alone does not allow another group's event or private documents (4.550084ms)
  ✔ manager access stays within their own club (1.634625ms)
  ✔ authorized server access retains the actual private notes (0.67775ms)
  ✔ direct feedback writes are disabled, even for a valid coach (2.513ms)
  ✔ Manager feedback save remains usable through its scoped RPC (3.292208ms)
  ✔ guided save remains atomic and checks coach, participant, timing and cancellation (5.588958ms)
  ✔ guided v2 rejects missing, invalid and foreign custom criteria without mutation (9.437833ms)
  ✔ guided v2 saves feedback, attendance, custom answers and retains player answers (3.436583ms)
  ✔ a stale Coach form cannot overwrite a colleague's saved evaluation (1.536084ms)
  ✔ failure after feedback save rolls back attendance, notes and custom answers together (3.057667ms)
  ✔ explicit absence removes stale Coach comments/answers but retains the player's own answer (2.077208ms)
  ✔ an empty camp patch does not rewrite any existing presence or metadata (1.913959ms)
  ✔ a one-day camp patch preserves other days, registration date and recorded author (2.566042ms)
  ✔ a bad second camp record rolls back the first record's changes (2.370125ms)
  ✔ browser cannot call a service-role-only camp or evaluation RPC (0.609959ms)
  ✔ recurrence permission, empty plan and invalid assignments fail without any mutation (5.9805ms)
  ✔ recurrence save retains event IDs, discussions, absence and past occurrences (4.010334ms)
  ✔ late recurrence failure rolls back the template, dates, assignments and structure (2.618042ms)
  ✔ removing a future evaluated participant is rejected atomically (1.834208ms)
  ✔ shortening a recurrence cancels surplus occurrences without deleting their discussions (4.17475ms)
  ✔ new occurrences inherit custom criteria and keep Zurich wall time across daylight saving (6.510833ms)
  ✔ occurrence transaction checks active planning permission and same-club assignments (11.31125ms)
  ✔ occurrence save preserves attendance metadata, feedback, answers, notes and discussion (6.616625ms)
  ✔ each kind of recorded player work prevents removal without any partial changes (20.821416ms)
  ✔ stale event fields, coaches, roster, structure and camp days reject a stale form (16.482542ms)
  ✔ a late occurrence failure rolls back event, coaches, participants, structure and camp day (10.378625ms)
  ✔ camp save synchronizes its day without changing registrations or attendance (5.338042ms)
  ✔ invalid date, title, duration and incomplete structure never mutate the occurrence (4.83325ms)
  ✔ an identical stale request cannot apply a second save after a committed change (3.767042ms)
  ✔ camp notification recipients exclude cancelled registrations even when an old roster remains (4.5005ms)
  ✔ creation checks active group planning permission and cannot assign foreign members (4.738542ms)
  ✔ creation saves the complete event and never fabricates a recorded attendance (2.569125ms)
  ✔ a repeated request returns the original IDs without duplicating a single event or series (10.923792ms)
  ✔ recurrence creates every selected day and preserves Zurich wall time across DST (2.203375ms)
  ✔ overlong, empty and invalid recurrences reject the whole plan instead of truncating it (3.32475ms)
  ✔ a failed late station insert rolls back the series, all dates, assignments and retry key (3.633542ms)
  ✔ creation request records are private and retry still checks revoked permission (2.478792ms)
  ✔ atomic deletion is service-only and rechecks actor, group, club and competition boundaries (14.932833ms)
  ✔ occurrence deletion keeps the series and every other date, removing its dependencies together (4.278209ms)
  ✔ failure at the final series deletion rolls back events, participants, conversations and training logs (6.616375ms)
  ✔ a mixed-club series is rejected in full and an authorized empty series remains removable (6.70725ms)
  ✔ deletion does not silently truncate a series at the API row limit (50.645167ms)
✔ Coach SQL security against a real isolated PostgreSQL engine (1057.651083ms)
(node:4341) [MODULE_TYPELESS_PACKAGE_JSON] Warning: Module type of file:///Users/activitee/Projects/nextee/tests/coach-security.test.ts is not specified and it doesn't parse as CommonJS.
Reparsing as ES module because module syntax was detected. This incurs a performance overhead.
To eliminate this warning, add "type": "module" to /Users/activitee/Projects/nextee/package.json.
(Use `node --trace-warnings ...` to show where the warning was created)
✔ Coach camps select the stored photo only within the caller's authorized clubs (61.2995ms)
✔ planning deletion delegates one authenticated transaction and returns no private recipients (5.066083ms)
✔ planning deletion fails closed on permission or migration failure and never exposes database detail (6.446ms)
✔ notification failure cannot turn committed deletion into a retryable write and invalid auth cannot call the transaction (2.844333ms)
✔ planning uses shared guided completion and exposes no private feedback or answers (87.645333ms)
✔ planning refuses inactive, unrelated and non-staff users before loading event rosters (121.78675ms)
✔ planning separates read-only transfer access from assigned planning permission (105.206833ms)
✔ planning fails closed on dependent reads without returning SQL details or partial counts (240.307666ms)
✔ planning requires authentication and handles a missing group without writes (20.754542ms)
✔ planning paginates group events and attendee rosters beyond the database row limit (56.394583ms)
✔ validation catalogue counts successes beyond page one and preserves player-by-player progression (11.103917ms)
✔ validation catalogue does not truncate large club populations or profiles (6.496792ms)
✔ home uses all coaches' feedback, required answers and the actual training end (27.429125ms)
✔ completion loader reads beyond the database's page limit (5.053125ms)
✔ guided API forwards one atomic save with the caller identity and maps stale writes to 409 (9.010167ms)
✔ an empty camp API patch delegates a no-op transaction, never delete/reinsert (1.822916ms)
✔ inactive or removed staff cannot regain event access via old assignments (0.300291ms)
✔ active membership alone does not authorize unrelated event access (0.061666ms)
✔ an active assigned event coach and a same-club manager remain authorized (0.050333ms)
✔ membership lookup failures fail closed (0.191625ms)
✔ missing per-coach AI policy fails closed without using the club-wide fallback (0.755166ms)
✔ sensitive player access is computed separately for each club (48.156042ms)
✔ a current head coach is recognized, but inactive groups do not unlock private player sections (7.257583ms)
✔ an event assignment without a player group does not grant player-wide private access (5.541292ms)
✔ only actual event participants pass the player guard (0.147292ms)
✔ private feedback API does not return another club's feedback (9.576167ms)
✔ an inactive coach is rejected before any private feedback read (9.351375ms)
✔ individual detail rejects a non-participant before reading player data (9.699375ms)
✔ document list signs only documents from the authorized club (10.220417ms)
✔ another club cannot be selected for document upload or deletion (20.179166ms)
✔ team thread cannot be created in a club without a sensitive-player relationship (7.708916ms)
✔ retired evaluation and AI endpoints cannot perform any mutation or model request (18.576834ms)
✔ all browser feedback readers use explicit non-private fields or an authorized API (2.50325ms)
ℹ tests 79
ℹ suites 0
ℹ pass 79
ℹ fail 0
ℹ cancelled 0
ℹ skipped 0
ℹ todo 0
ℹ duration_ms 1142.341667
